[0.016s] Invoking command in '/home/david/School/rob/Semestralka/ROB_semestralka/robot_urdf/build/crs_a465_description': CMAKE_PREFIX_PATH=/opt/ros/humble /usr/bin/cmake /home/david/School/rob/Semestralka/ROB_semestralka/robot_urdf -DCMAKE_INSTALL_PREFIX=/home/david/School/rob/Semestralka/ROB_semestralka/robot_urdf/install/crs_a465_description
[0.031s] -- Found ament_cmake: 1.3.12 (/opt/ros/humble/share/ament_cmake/cmake)
[0.187s] Traceback (most recent call last):
[0.188s]   File "/opt/ros/humble/share/ament_cmake_core/cmake/core/package_xml_2_cmake.py", line 22, in <module>
[0.188s]     from catkin_pkg.package import parse_package_string
[0.188s] ModuleNotFoundError: No module named 'catkin_pkg'
[0.192s] [31mCMake Error at /opt/ros/humble/share/ament_cmake_core/cmake/core/ament_package_xml.cmake:95 (message):
[0.192s]   execute_process(/home/david/miniconda3/bin/python3
[0.193s]   /opt/ros/humble/share/ament_cmake_core/cmake/core/package_xml_2_cmake.py
[0.193s]   /home/david/School/rob/Semestralka/ROB_semestralka/robot_urdf/package.xml
[0.193s]   /home/david/School/rob/Semestralka/ROB_semestralka/robot_urdf/build/crs_a465_description/ament_cmake_core/package.cmake)
[0.193s]   returned error code 1
[0.193s] Call Stack (most recent call first):
[0.193s]   /opt/ros/humble/share/ament_cmake_core/cmake/core/ament_package_xml.cmake:49 (_ament_package_xml)
[0.193s]   /opt/ros/humble/share/ament_cmake_core/cmake/core/ament_package.cmake:63 (ament_package_xml)
[0.193s]   CMakeLists.txt:26 (ament_package)
[0.193s] 
[0.193s] [0m
[0.193s] -- Configuring incomplete, errors occurred!
[0.193s] See also "/home/david/School/rob/Semestralka/ROB_semestralka/robot_urdf/build/crs_a465_description/CMakeFiles/CMakeOutput.log".
[0.199s] Invoked command in '/home/david/School/rob/Semestralka/ROB_semestralka/robot_urdf/build/crs_a465_description' returned '1': CMAKE_PREFIX_PATH=/opt/ros/humble /usr/bin/cmake /home/david/School/rob/Semestralka/ROB_semestralka/robot_urdf -DCMAKE_INSTALL_PREFIX=/home/david/School/rob/Semestralka/ROB_semestralka/robot_urdf/install/crs_a465_description
