[0.008s] Invoking command in '/home/david/School/rob/Semestralka/ROB_semestralka/build/ikt6_ros': CONDA_PROMPT_MODIFIER=(base) /usr/bin/cmake /home/david/School/rob/Semestralka/ROB_semestralka/test_ikt6/ikt6_ros -DCATKIN_INSTALL_INTO_PREFIX_ROOT=0 -DCATKIN_SYMLINK_INSTALL=ON -DCMAKE_INSTALL_PREFIX=/home/david/School/rob/Semestralka/ROB_semestralka/install/ikt6_ros
[0.057s] -- The C compiler identification is GNU 11.4.0
[0.104s] -- The CXX compiler identification is GNU 11.4.0
[0.111s] -- Detecting C compiler ABI info
[0.170s] -- Detecting C compiler ABI info - done
[0.175s] -- Check for working C compiler: /usr/bin/cc - skipped
[0.175s] -- Detecting C compile features
[0.175s] -- Detecting C compile features - done
[0.178s] -- Detecting CXX compiler ABI info
[0.248s] -- Detecting CXX compiler ABI info - done
[0.253s] -- Check for working CXX compiler: /usr/bin/c++ - skipped
[0.253s] -- Detecting CXX compile features
[0.253s] -- Detecting CXX compile features - done
[0.271s] -- Found Boost: /usr/lib/x86_64-linux-gnu/cmake/Boost-1.74.0/BoostConfig.cmake (found version "1.74.0")  
[0.278s] [31mCMake Error at CMakeLists.txt:9 (find_package):
[0.278s]   By not providing "Findcatkin.cmake" in CMAKE_MODULE_PATH this project has
[0.279s]   asked CMake to find a package configuration file provided by "catkin", but
[0.279s]   CMake did not find one.
[0.279s] 
[0.279s]   Could not find a package configuration file provided by "catkin" with any
[0.279s]   of the following names:
[0.279s] 
[0.279s]     catkinConfig.cmake
[0.279s]     catkin-config.cmake
[0.279s] 
[0.279s]   Add the installation prefix of "catkin" to CMAKE_PREFIX_PATH or set
[0.279s]   "catkin_DIR" to a directory containing one of the above files.  If "catkin"
[0.279s]   provides a separate development package or SDK, be sure it has been
[0.279s]   installed.
[0.279s] 
[0.279s] [0m
[0.279s] -- Configuring incomplete, errors occurred!
[0.279s] See also "/home/david/School/rob/Semestralka/ROB_semestralka/build/ikt6_ros/CMakeFiles/CMakeOutput.log".
[0.282s] Invoked command in '/home/david/School/rob/Semestralka/ROB_semestralka/build/ikt6_ros' returned '1': CONDA_PROMPT_MODIFIER=(base) /usr/bin/cmake /home/david/School/rob/Semestralka/ROB_semestralka/test_ikt6/ikt6_ros -DCATKIN_INSTALL_INTO_PREFIX_ROOT=0 -DCATKIN_SYMLINK_INSTALL=ON -DCMAKE_INSTALL_PREFIX=/home/david/School/rob/Semestralka/ROB_semestralka/install/ikt6_ros
