[0.009s] Invoking command in '/home/david/School/rob/Semestralka/ROB_semestralka/robot_urdf/build/crs_a465_description': CMAKE_PREFIX_PATH=${CMAKE_PREFIX_PATH}:/opt/ros/humble CONDA_PROMPT_MODIFIER=(base) /usr/bin/cmake /home/david/School/rob/Semestralka/ROB_semestralka/robot_urdf -DAMENT_CMAKE_SYMLINK_INSTALL=1 -DCMAKE_INSTALL_PREFIX=/home/david/School/rob/Semestralka/ROB_semestralka/robot_urdf/install/crs_a465_description
[0.020s] -- Found ament_cmake: 1.3.12 (/opt/ros/humble/share/ament_cmake/cmake)
[0.110s] -- Override CMake install command with custom implementation using symlinks instead of copying resources
[0.184s] -- Configuring done
[0.187s] -- Generating done
[0.188s] -- Build files have been written to: /home/david/School/rob/Semestralka/ROB_semestralka/robot_urdf/build/crs_a465_description
[0.191s] Invoked command in '/home/david/School/rob/Semestralka/ROB_semestralka/robot_urdf/build/crs_a465_description' returned '0': CMAKE_PREFIX_PATH=${CMAKE_PREFIX_PATH}:/opt/ros/humble CONDA_PROMPT_MODIFIER=(base) /usr/bin/cmake /home/david/School/rob/Semestralka/ROB_semestralka/robot_urdf -DAMENT_CMAKE_SYMLINK_INSTALL=1 -DCMAKE_INSTALL_PREFIX=/home/david/School/rob/Semestralka/ROB_semestralka/robot_urdf/install/crs_a465_description
[0.194s] Invoking command in '/home/david/School/rob/Semestralka/ROB_semestralka/robot_urdf/build/crs_a465_description': CMAKE_PREFIX_PATH=${CMAKE_PREFIX_PATH}:/opt/ros/humble CONDA_PROMPT_MODIFIER=(base) /usr/bin/cmake --build /home/david/School/rob/Semestralka/ROB_semestralka/robot_urdf/build/crs_a465_description -- -j16 -l16
[0.231s] Invoked command in '/home/david/School/rob/Semestralka/ROB_semestralka/robot_urdf/build/crs_a465_description' returned '0': CMAKE_PREFIX_PATH=${CMAKE_PREFIX_PATH}:/opt/ros/humble CONDA_PROMPT_MODIFIER=(base) /usr/bin/cmake --build /home/david/School/rob/Semestralka/ROB_semestralka/robot_urdf/build/crs_a465_description -- -j16 -l16
[0.241s] Invoking command in '/home/david/School/rob/Semestralka/ROB_semestralka/robot_urdf/build/crs_a465_description': CMAKE_PREFIX_PATH=${CMAKE_PREFIX_PATH}:/opt/ros/humble CONDA_PROMPT_MODIFIER=(base) /usr/bin/cmake --install /home/david/School/rob/Semestralka/ROB_semestralka/robot_urdf/build/crs_a465_description
[0.247s] -- Install configuration: ""
[0.247s] -- Execute custom install script
[0.248s] -- Symlinking: /home/david/School/rob/Semestralka/ROB_semestralka/robot_urdf/install/crs_a465_description/share/crs_a465_description/urdf/crs_a465.urdf
[0.256s] -- Symlinking: /home/david/School/rob/Semestralka/ROB_semestralka/robot_urdf/install/crs_a465_description/share/crs_a465_description/launch/display.launch.py
[0.265s] -- Symlinking: /home/david/School/rob/Semestralka/ROB_semestralka/robot_urdf/install/crs_a465_description/share/crs_a465_description/rviz/crs_a465.rviz
[0.273s] -- Symlinking: /home/david/School/rob/Semestralka/ROB_semestralka/robot_urdf/install/crs_a465_description/share/ament_index/resource_index/package_run_dependencies/crs_a465_description
[0.282s] -- Symlinking: /home/david/School/rob/Semestralka/ROB_semestralka/robot_urdf/install/crs_a465_description/share/ament_index/resource_index/parent_prefix_path/crs_a465_description
[0.290s] -- Symlinking: /home/david/School/rob/Semestralka/ROB_semestralka/robot_urdf/install/crs_a465_description/share/crs_a465_description/environment/ament_prefix_path.sh
[0.299s] -- Symlinking: /home/david/School/rob/Semestralka/ROB_semestralka/robot_urdf/install/crs_a465_description/share/crs_a465_description/environment/ament_prefix_path.dsv
[0.309s] -- Symlinking: /home/david/School/rob/Semestralka/ROB_semestralka/robot_urdf/install/crs_a465_description/share/crs_a465_description/environment/path.sh
[0.321s] -- Symlinking: /home/david/School/rob/Semestralka/ROB_semestralka/robot_urdf/install/crs_a465_description/share/crs_a465_description/environment/path.dsv
[0.330s] -- Symlinking: /home/david/School/rob/Semestralka/ROB_semestralka/robot_urdf/install/crs_a465_description/share/crs_a465_description/local_setup.bash
[0.338s] -- Symlinking: /home/david/School/rob/Semestralka/ROB_semestralka/robot_urdf/install/crs_a465_description/share/crs_a465_description/local_setup.sh
[0.345s] -- Symlinking: /home/david/School/rob/Semestralka/ROB_semestralka/robot_urdf/install/crs_a465_description/share/crs_a465_description/local_setup.zsh
[0.353s] -- Symlinking: /home/david/School/rob/Semestralka/ROB_semestralka/robot_urdf/install/crs_a465_description/share/crs_a465_description/local_setup.dsv
[0.360s] -- Symlinking: /home/david/School/rob/Semestralka/ROB_semestralka/robot_urdf/install/crs_a465_description/share/crs_a465_description/package.dsv
[0.368s] -- Symlinking: /home/david/School/rob/Semestralka/ROB_semestralka/robot_urdf/install/crs_a465_description/share/ament_index/resource_index/packages/crs_a465_description
[0.375s] -- Symlinking: /home/david/School/rob/Semestralka/ROB_semestralka/robot_urdf/install/crs_a465_description/share/crs_a465_description/cmake/crs_a465_descriptionConfig.cmake
[0.383s] -- Symlinking: /home/david/School/rob/Semestralka/ROB_semestralka/robot_urdf/install/crs_a465_description/share/crs_a465_description/cmake/crs_a465_descriptionConfig-version.cmake
[0.392s] -- Symlinking: /home/david/School/rob/Semestralka/ROB_semestralka/robot_urdf/install/crs_a465_description/share/crs_a465_description/package.xml
[0.401s] Invoked command in '/home/david/School/rob/Semestralka/ROB_semestralka/robot_urdf/build/crs_a465_description' returned '0': CMAKE_PREFIX_PATH=${CMAKE_PREFIX_PATH}:/opt/ros/humble CONDA_PROMPT_MODIFIER=(base) /usr/bin/cmake --install /home/david/School/rob/Semestralka/ROB_semestralka/robot_urdf/build/crs_a465_description
