[0.009s] Invoking command in '/home/david/School/rob/Semestralka/ROB_semestralka/robot_urdf/build/crs_a465_description': CMAKE_PREFIX_PATH=/opt/ros/humble CONDA_PROMPT_MODIFIER=(base) /usr/bin/cmake /home/david/School/rob/Semestralka/ROB_semestralka/robot_urdf -DCMAKE_INSTALL_PREFIX=/home/david/School/rob/Semestralka/ROB_semestralka/robot_urdf/install/crs_a465_description
[0.026s] -- Found ament_cmake: 1.3.12 (/opt/ros/humble/share/ament_cmake/cmake)
[0.315s] -- Found Python3: /home/david/miniconda3/bin/python3 (found version "3.13.5") found components: Interpreter 
[0.429s] Traceback (most recent call last):
[0.431s]   File "/opt/ros/humble/share/ament_cmake_core/cmake/core/package_xml_2_cmake.py", line 22, in <module>
[0.431s]     from catkin_pkg.package import parse_package_string
[0.431s] ModuleNotFoundError: No module named 'catkin_pkg'
[0.435s] [31mCMake Error at /opt/ros/humble/share/ament_cmake_core/cmake/core/ament_package_xml.cmake:95 (message):
[0.435s]   execute_process(/home/david/miniconda3/bin/python3
[0.436s]   /opt/ros/humble/share/ament_cmake_core/cmake/core/package_xml_2_cmake.py
[0.436s]   /home/david/School/rob/Semestralka/ROB_semestralka/robot_urdf/package.xml
[0.436s]   /home/david/School/rob/Semestralka/ROB_semestralka/robot_urdf/build/crs_a465_description/ament_cmake_core/package.cmake)
[0.436s]   returned error code 1
[0.436s] Call Stack (most recent call first):
[0.436s]   /opt/ros/humble/share/ament_cmake_core/cmake/core/ament_package_xml.cmake:49 (_ament_package_xml)
[0.436s]   /opt/ros/humble/share/ament_cmake_core/cmake/core/ament_package.cmake:63 (ament_package_xml)
[0.436s]   CMakeLists.txt:26 (ament_package)
[0.436s] 
[0.436s] [0m
[0.436s] -- Configuring incomplete, errors occurred!
[0.436s] See also "/home/david/School/rob/Semestralka/ROB_semestralka/robot_urdf/build/crs_a465_description/CMakeFiles/CMakeOutput.log".
[0.440s] Invoked command in '/home/david/School/rob/Semestralka/ROB_semestralka/robot_urdf/build/crs_a465_description' returned '1': CMAKE_PREFIX_PATH=/opt/ros/humble CONDA_PROMPT_MODIFIER=(base) /usr/bin/cmake /home/david/School/rob/Semestralka/ROB_semestralka/robot_urdf -DCMAKE_INSTALL_PREFIX=/home/david/School/rob/Semestralka/ROB_semestralka/robot_urdf/install/crs_a465_description
