[0.071s] DEBUG:colcon:Command line arguments: ['/usr/bin/colcon', 'build', '--symlink-install']
[0.071s] DEBUG:colcon:Parsed command line arguments: Namespace(log_base=None, log_level=None, verb_name='build', build_base='build', install_base='install', merge_install=False, symlink_install=True, test_result_base=None, continue_on_error=False, executor='parallel', parallel_workers=16, event_handlers=None, ignore_user_meta=False, metas=['./colcon.meta'], base_paths=['.'], packages_ignore=None, packages_ignore_regex=None, paths=None, packages_up_to=None, packages_up_to_regex=None, packages_above=None, packages_above_and_dependencies=None, packages_above_depth=None, packages_select_by_dep=None, packages_skip_by_dep=None, packages_skip_up_to=None, packages_select_build_failed=False, packages_skip_build_finished=False, packages_select_test_failures=False, packages_skip_test_passed=False, packages_select=None, packages_skip=None, packages_select_regex=None, packages_skip_regex=None, packages_start=None, packages_end=None, allow_overriding=[], cmake_args=None, cmake_target=None, cmake_target_skip_unavailable=False, cmake_clean_cache=False, cmake_clean_first=False, cmake_force_configure=False, ament_cmake_args=None, catkin_cmake_args=None, catkin_skip_building_tests=False, mixin_files=None, mixin=None, verb_parser=<colcon_mixin.mixin.mixin_argument.MixinArgumentDecorator object at 0x70dee1474310>, verb_extension=<colcon_core.verb.build.BuildVerb object at 0x70dee1447e20>, main=<bound method BuildVerb.main of <colcon_core.verb.build.BuildVerb object at 0x70dee1447e20>>, mixin_verb=('build',))
[0.171s] Level 1:colcon.colcon_core.package_discovery:discover_packages(colcon_meta) check parameters
[0.172s] Level 1:colcon.colcon_core.package_discovery:discover_packages(recursive) check parameters
[0.172s] Level 1:colcon.colcon_core.package_discovery:discover_packages(ignore) check parameters
[0.172s] Level 1:colcon.colcon_core.package_discovery:discover_packages(path) check parameters
[0.172s] Level 1:colcon.colcon_core.package_discovery:discover_packages(colcon_meta) discover
[0.172s] Level 1:colcon.colcon_core.package_discovery:discover_packages(recursive) discover
[0.172s] INFO:colcon.colcon_core.package_discovery:Crawling recursively for packages in '/home/david/School/rob/Semestralka/ROB_semestralka'
[0.172s] Level 1:colcon.colcon_core.package_identification:_identify(.) by extensions ['ignore', 'ignore_ament_install']
[0.172s] Level 1:colcon.colcon_core.package_identification:_identify(.) by extension 'ignore'
[0.172s] Level 1:colcon.colcon_core.package_identification:_identify(.) by extension 'ignore_ament_install'
[0.172s] Level 1:colcon.colcon_core.package_identification:_identify(.) by extensions ['colcon_pkg']
[0.172s] Level 1:colcon.colcon_core.package_identification:_identify(.) by extension 'colcon_pkg'
[0.172s] Level 1:colcon.colcon_core.package_identification:_identify(.) by extensions ['colcon_meta']
[0.172s] Level 1:colcon.colcon_core.package_identification:_identify(.) by extension 'colcon_meta'
[0.172s] Level 1:colcon.colcon_core.package_identification:_identify(.) by extensions ['ros']
[0.172s] Level 1:colcon.colcon_core.package_identification:_identify(.) by extension 'ros'
[0.180s] Level 1:colcon.colcon_core.package_identification:_identify(.) by extensions ['cmake', 'python']
[0.180s] Level 1:colcon.colcon_core.package_identification:_identify(.) by extension 'cmake'
[0.180s] Level 1:colcon.colcon_core.package_identification:_identify(.) by extension 'python'
[0.180s] Level 1:colcon.colcon_core.package_identification:_identify(.) by extensions ['python_setup_py']
[0.180s] Level 1:colcon.colcon_core.package_identification:_identify(.) by extension 'python_setup_py'
[0.180s] Level 1:colcon.colcon_core.package_identification:_identify(__pycache__) by extensions ['ignore', 'ignore_ament_install']
[0.180s] Level 1:colcon.colcon_core.package_identification:_identify(__pycache__) by extension 'ignore'
[0.180s] Level 1:colcon.colcon_core.package_identification:_identify(__pycache__) by extension 'ignore_ament_install'
[0.180s] Level 1:colcon.colcon_core.package_identification:_identify(__pycache__) by extensions ['colcon_pkg']
[0.180s] Level 1:colcon.colcon_core.package_identification:_identify(__pycache__) by extension 'colcon_pkg'
[0.180s] Level 1:colcon.colcon_core.package_identification:_identify(__pycache__) by extensions ['colcon_meta']
[0.180s] Level 1:colcon.colcon_core.package_identification:_identify(__pycache__) by extension 'colcon_meta'
[0.180s] Level 1:colcon.colcon_core.package_identification:_identify(__pycache__) by extensions ['ros']
[0.180s] Level 1:colcon.colcon_core.package_identification:_identify(__pycache__) by extension 'ros'
[0.180s] Level 1:colcon.colcon_core.package_identification:_identify(__pycache__) by extensions ['cmake', 'python']
[0.181s] Level 1:colcon.colcon_core.package_identification:_identify(__pycache__) by extension 'cmake'
[0.181s] Level 1:colcon.colcon_core.package_identification:_identify(__pycache__) by extension 'python'
[0.181s] Level 1:colcon.colcon_core.package_identification:_identify(__pycache__) by extensions ['python_setup_py']
[0.181s] Level 1:colcon.colcon_core.package_identification:_identify(__pycache__) by extension 'python_setup_py'
[0.181s] Level 1:colcon.colcon_core.package_identification:_identify(build) by extensions ['ignore', 'ignore_ament_install']
[0.181s] Level 1:colcon.colcon_core.package_identification:_identify(build) by extension 'ignore'
[0.181s] Level 1:colcon.colcon_core.package_identification:_identify(build) ignored
[0.181s] Level 1:colcon.colcon_core.package_identification:_identify(camera) by extensions ['ignore', 'ignore_ament_install']
[0.181s] Level 1:colcon.colcon_core.package_identification:_identify(camera) by extension 'ignore'
[0.181s] Level 1:colcon.colcon_core.package_identification:_identify(camera) by extension 'ignore_ament_install'
[0.181s] Level 1:colcon.colcon_core.package_identification:_identify(camera) by extensions ['colcon_pkg']
[0.181s] Level 1:colcon.colcon_core.package_identification:_identify(camera) by extension 'colcon_pkg'
[0.181s] Level 1:colcon.colcon_core.package_identification:_identify(camera) by extensions ['colcon_meta']
[0.181s] Level 1:colcon.colcon_core.package_identification:_identify(camera) by extension 'colcon_meta'
[0.181s] Level 1:colcon.colcon_core.package_identification:_identify(camera) by extensions ['ros']
[0.181s] Level 1:colcon.colcon_core.package_identification:_identify(camera) by extension 'ros'
[0.181s] Level 1:colcon.colcon_core.package_identification:_identify(camera) by extensions ['cmake', 'python']
[0.181s] Level 1:colcon.colcon_core.package_identification:_identify(camera) by extension 'cmake'
[0.181s] Level 1:colcon.colcon_core.package_identification:_identify(camera) by extension 'python'
[0.181s] Level 1:colcon.colcon_core.package_identification:_identify(camera) by extensions ['python_setup_py']
[0.181s] Level 1:colcon.colcon_core.package_identification:_identify(camera) by extension 'python_setup_py'
[0.181s] Level 1:colcon.colcon_core.package_identification:_identify(camera/ArUco_codes) by extensions ['ignore', 'ignore_ament_install']
[0.181s] Level 1:colcon.colcon_core.package_identification:_identify(camera/ArUco_codes) by extension 'ignore'
[0.181s] Level 1:colcon.colcon_core.package_identification:_identify(camera/ArUco_codes) by extension 'ignore_ament_install'
[0.181s] Level 1:colcon.colcon_core.package_identification:_identify(camera/ArUco_codes) by extensions ['colcon_pkg']
[0.181s] Level 1:colcon.colcon_core.package_identification:_identify(camera/ArUco_codes) by extension 'colcon_pkg'
[0.181s] Level 1:colcon.colcon_core.package_identification:_identify(camera/ArUco_codes) by extensions ['colcon_meta']
[0.181s] Level 1:colcon.colcon_core.package_identification:_identify(camera/ArUco_codes) by extension 'colcon_meta'
[0.181s] Level 1:colcon.colcon_core.package_identification:_identify(camera/ArUco_codes) by extensions ['ros']
[0.181s] Level 1:colcon.colcon_core.package_identification:_identify(camera/ArUco_codes) by extension 'ros'
[0.181s] Level 1:colcon.colcon_core.package_identification:_identify(camera/ArUco_codes) by extensions ['cmake', 'python']
[0.181s] Level 1:colcon.colcon_core.package_identification:_identify(camera/ArUco_codes) by extension 'cmake'
[0.181s] Level 1:colcon.colcon_core.package_identification:_identify(camera/ArUco_codes) by extension 'python'
[0.182s] Level 1:colcon.colcon_core.package_identification:_identify(camera/ArUco_codes) by extensions ['python_setup_py']
[0.182s] Level 1:colcon.colcon_core.package_identification:_identify(camera/ArUco_codes) by extension 'python_setup_py'
[0.182s] Level 1:colcon.colcon_core.package_identification:_identify(camera/distortion_analysis) by extensions ['ignore', 'ignore_ament_install']
[0.182s] Level 1:colcon.colcon_core.package_identification:_identify(camera/distortion_analysis) by extension 'ignore'
[0.182s] Level 1:colcon.colcon_core.package_identification:_identify(camera/distortion_analysis) by extension 'ignore_ament_install'
[0.182s] Level 1:colcon.colcon_core.package_identification:_identify(camera/distortion_analysis) by extensions ['colcon_pkg']
[0.182s] Level 1:colcon.colcon_core.package_identification:_identify(camera/distortion_analysis) by extension 'colcon_pkg'
[0.182s] Level 1:colcon.colcon_core.package_identification:_identify(camera/distortion_analysis) by extensions ['colcon_meta']
[0.182s] Level 1:colcon.colcon_core.package_identification:_identify(camera/distortion_analysis) by extension 'colcon_meta'
[0.182s] Level 1:colcon.colcon_core.package_identification:_identify(camera/distortion_analysis) by extensions ['ros']
[0.182s] Level 1:colcon.colcon_core.package_identification:_identify(camera/distortion_analysis) by extension 'ros'
[0.182s] Level 1:colcon.colcon_core.package_identification:_identify(camera/distortion_analysis) by extensions ['cmake', 'python']
[0.182s] Level 1:colcon.colcon_core.package_identification:_identify(camera/distortion_analysis) by extension 'cmake'
[0.182s] Level 1:colcon.colcon_core.package_identification:_identify(camera/distortion_analysis) by extension 'python'
[0.182s] Level 1:colcon.colcon_core.package_identification:_identify(camera/distortion_analysis) by extensions ['python_setup_py']
[0.182s] Level 1:colcon.colcon_core.package_identification:_identify(camera/distortion_analysis) by extension 'python_setup_py'
[0.182s] Level 1:colcon.colcon_core.package_identification:_identify(camera/test) by extensions ['ignore', 'ignore_ament_install']
[0.182s] Level 1:colcon.colcon_core.package_identification:_identify(camera/test) by extension 'ignore'
[0.182s] Level 1:colcon.colcon_core.package_identification:_identify(camera/test) by extension 'ignore_ament_install'
[0.182s] Level 1:colcon.colcon_core.package_identification:_identify(camera/test) by extensions ['colcon_pkg']
[0.182s] Level 1:colcon.colcon_core.package_identification:_identify(camera/test) by extension 'colcon_pkg'
[0.182s] Level 1:colcon.colcon_core.package_identification:_identify(camera/test) by extensions ['colcon_meta']
[0.182s] Level 1:colcon.colcon_core.package_identification:_identify(camera/test) by extension 'colcon_meta'
[0.182s] Level 1:colcon.colcon_core.package_identification:_identify(camera/test) by extensions ['ros']
[0.182s] Level 1:colcon.colcon_core.package_identification:_identify(camera/test) by extension 'ros'
[0.182s] Level 1:colcon.colcon_core.package_identification:_identify(camera/test) by extensions ['cmake', 'python']
[0.182s] Level 1:colcon.colcon_core.package_identification:_identify(camera/test) by extension 'cmake'
[0.182s] Level 1:colcon.colcon_core.package_identification:_identify(camera/test) by extension 'python'
[0.182s] Level 1:colcon.colcon_core.package_identification:_identify(camera/test) by extensions ['python_setup_py']
[0.182s] Level 1:colcon.colcon_core.package_identification:_identify(camera/test) by extension 'python_setup_py'
[0.182s] Level 1:colcon.colcon_core.package_identification:_identify(examples) by extensions ['ignore', 'ignore_ament_install']
[0.182s] Level 1:colcon.colcon_core.package_identification:_identify(examples) by extension 'ignore'
[0.182s] Level 1:colcon.colcon_core.package_identification:_identify(examples) by extension 'ignore_ament_install'
[0.182s] Level 1:colcon.colcon_core.package_identification:_identify(examples) by extensions ['colcon_pkg']
[0.182s] Level 1:colcon.colcon_core.package_identification:_identify(examples) by extension 'colcon_pkg'
[0.182s] Level 1:colcon.colcon_core.package_identification:_identify(examples) by extensions ['colcon_meta']
[0.182s] Level 1:colcon.colcon_core.package_identification:_identify(examples) by extension 'colcon_meta'
[0.182s] Level 1:colcon.colcon_core.package_identification:_identify(examples) by extensions ['ros']
[0.182s] Level 1:colcon.colcon_core.package_identification:_identify(examples) by extension 'ros'
[0.182s] Level 1:colcon.colcon_core.package_identification:_identify(examples) by extensions ['cmake', 'python']
[0.182s] Level 1:colcon.colcon_core.package_identification:_identify(examples) by extension 'cmake'
[0.182s] Level 1:colcon.colcon_core.package_identification:_identify(examples) by extension 'python'
[0.182s] Level 1:colcon.colcon_core.package_identification:_identify(examples) by extensions ['python_setup_py']
[0.182s] Level 1:colcon.colcon_core.package_identification:_identify(examples) by extension 'python_setup_py'
[0.183s] Level 1:colcon.colcon_core.package_identification:_identify(exporty) by extensions ['ignore', 'ignore_ament_install']
[0.183s] Level 1:colcon.colcon_core.package_identification:_identify(exporty) by extension 'ignore'
[0.183s] Level 1:colcon.colcon_core.package_identification:_identify(exporty) by extension 'ignore_ament_install'
[0.183s] Level 1:colcon.colcon_core.package_identification:_identify(exporty) by extensions ['colcon_pkg']
[0.183s] Level 1:colcon.colcon_core.package_identification:_identify(exporty) by extension 'colcon_pkg'
[0.183s] Level 1:colcon.colcon_core.package_identification:_identify(exporty) by extensions ['colcon_meta']
[0.183s] Level 1:colcon.colcon_core.package_identification:_identify(exporty) by extension 'colcon_meta'
[0.183s] Level 1:colcon.colcon_core.package_identification:_identify(exporty) by extensions ['ros']
[0.183s] Level 1:colcon.colcon_core.package_identification:_identify(exporty) by extension 'ros'
[0.183s] Level 1:colcon.colcon_core.package_identification:_identify(exporty) by extensions ['cmake', 'python']
[0.183s] Level 1:colcon.colcon_core.package_identification:_identify(exporty) by extension 'cmake'
[0.183s] Level 1:colcon.colcon_core.package_identification:_identify(exporty) by extension 'python'
[0.183s] Level 1:colcon.colcon_core.package_identification:_identify(exporty) by extensions ['python_setup_py']
[0.183s] Level 1:colcon.colcon_core.package_identification:_identify(exporty) by extension 'python_setup_py'
[0.183s] Level 1:colcon.colcon_core.package_identification:_identify(images) by extensions ['ignore', 'ignore_ament_install']
[0.183s] Level 1:colcon.colcon_core.package_identification:_identify(images) by extension 'ignore'
[0.183s] Level 1:colcon.colcon_core.package_identification:_identify(images) by extension 'ignore_ament_install'
[0.183s] Level 1:colcon.colcon_core.package_identification:_identify(images) by extensions ['colcon_pkg']
[0.183s] Level 1:colcon.colcon_core.package_identification:_identify(images) by extension 'colcon_pkg'
[0.183s] Level 1:colcon.colcon_core.package_identification:_identify(images) by extensions ['colcon_meta']
[0.183s] Level 1:colcon.colcon_core.package_identification:_identify(images) by extension 'colcon_meta'
[0.183s] Level 1:colcon.colcon_core.package_identification:_identify(images) by extensions ['ros']
[0.183s] Level 1:colcon.colcon_core.package_identification:_identify(images) by extension 'ros'
[0.183s] Level 1:colcon.colcon_core.package_identification:_identify(images) by extensions ['cmake', 'python']
[0.183s] Level 1:colcon.colcon_core.package_identification:_identify(images) by extension 'cmake'
[0.183s] Level 1:colcon.colcon_core.package_identification:_identify(images) by extension 'python'
[0.183s] Level 1:colcon.colcon_core.package_identification:_identify(images) by extensions ['python_setup_py']
[0.183s] Level 1:colcon.colcon_core.package_identification:_identify(images) by extension 'python_setup_py'
[0.183s] Level 1:colcon.colcon_core.package_identification:_identify(install) by extensions ['ignore', 'ignore_ament_install']
[0.183s] Level 1:colcon.colcon_core.package_identification:_identify(install) by extension 'ignore'
[0.183s] Level 1:colcon.colcon_core.package_identification:_identify(install) ignored
[0.183s] Level 1:colcon.colcon_core.package_identification:_identify(log) by extensions ['ignore', 'ignore_ament_install']
[0.183s] Level 1:colcon.colcon_core.package_identification:_identify(log) by extension 'ignore'
[0.183s] Level 1:colcon.colcon_core.package_identification:_identify(log) ignored
[0.183s] Level 1:colcon.colcon_core.package_identification:_identify(robot_calibration) by extensions ['ignore', 'ignore_ament_install']
[0.183s] Level 1:colcon.colcon_core.package_identification:_identify(robot_calibration) by extension 'ignore'
[0.183s] Level 1:colcon.colcon_core.package_identification:_identify(robot_calibration) by extension 'ignore_ament_install'
[0.183s] Level 1:colcon.colcon_core.package_identification:_identify(robot_calibration) by extensions ['colcon_pkg']
[0.183s] Level 1:colcon.colcon_core.package_identification:_identify(robot_calibration) by extension 'colcon_pkg'
[0.183s] Level 1:colcon.colcon_core.package_identification:_identify(robot_calibration) by extensions ['colcon_meta']
[0.183s] Level 1:colcon.colcon_core.package_identification:_identify(robot_calibration) by extension 'colcon_meta'
[0.183s] Level 1:colcon.colcon_core.package_identification:_identify(robot_calibration) by extensions ['ros']
[0.184s] Level 1:colcon.colcon_core.package_identification:_identify(robot_calibration) by extension 'ros'
[0.184s] Level 1:colcon.colcon_core.package_identification:_identify(robot_calibration) by extensions ['cmake', 'python']
[0.184s] Level 1:colcon.colcon_core.package_identification:_identify(robot_calibration) by extension 'cmake'
[0.184s] Level 1:colcon.colcon_core.package_identification:_identify(robot_calibration) by extension 'python'
[0.184s] Level 1:colcon.colcon_core.package_identification:_identify(robot_calibration) by extensions ['python_setup_py']
[0.184s] Level 1:colcon.colcon_core.package_identification:_identify(robot_calibration) by extension 'python_setup_py'
[0.184s] Level 1:colcon.colcon_core.package_identification:_identify(robot_urdf) by extensions ['ignore', 'ignore_ament_install']
[0.184s] Level 1:colcon.colcon_core.package_identification:_identify(robot_urdf) by extension 'ignore'
[0.184s] Level 1:colcon.colcon_core.package_identification:_identify(robot_urdf) by extension 'ignore_ament_install'
[0.184s] Level 1:colcon.colcon_core.package_identification:_identify(robot_urdf) by extensions ['colcon_pkg']
[0.184s] Level 1:colcon.colcon_core.package_identification:_identify(robot_urdf) by extension 'colcon_pkg'
[0.184s] Level 1:colcon.colcon_core.package_identification:_identify(robot_urdf) by extensions ['colcon_meta']
[0.184s] Level 1:colcon.colcon_core.package_identification:_identify(robot_urdf) by extension 'colcon_meta'
[0.184s] Level 1:colcon.colcon_core.package_identification:_identify(robot_urdf) by extensions ['ros']
[0.184s] Level 1:colcon.colcon_core.package_identification:_identify(robot_urdf) by extension 'ros'
[0.185s] DEBUG:colcon.colcon_core.package_identification:Package 'robot_urdf' with type 'ros.ament_cmake' and name 'crs_a465_description'
[0.186s] Level 1:colcon.colcon_core.package_identification:_identify(src) by extensions ['ignore', 'ignore_ament_install']
[0.186s] Level 1:colcon.colcon_core.package_identification:_identify(src) by extension 'ignore'
[0.186s] Level 1:colcon.colcon_core.package_identification:_identify(src) by extension 'ignore_ament_install'
[0.186s] Level 1:colcon.colcon_core.package_identification:_identify(src) by extensions ['colcon_pkg']
[0.186s] Level 1:colcon.colcon_core.package_identification:_identify(src) by extension 'colcon_pkg'
[0.186s] Level 1:colcon.colcon_core.package_identification:_identify(src) by extensions ['colcon_meta']
[0.186s] Level 1:colcon.colcon_core.package_identification:_identify(src) by extension 'colcon_meta'
[0.186s] Level 1:colcon.colcon_core.package_identification:_identify(src) by extensions ['ros']
[0.186s] Level 1:colcon.colcon_core.package_identification:_identify(src) by extension 'ros'
[0.186s] Level 1:colcon.colcon_core.package_identification:_identify(src) by extensions ['cmake', 'python']
[0.186s] Level 1:colcon.colcon_core.package_identification:_identify(src) by extension 'cmake'
[0.186s] Level 1:colcon.colcon_core.package_identification:_identify(src) by extension 'python'
[0.186s] Level 1:colcon.colcon_core.package_identification:_identify(src) by extensions ['python_setup_py']
[0.186s] Level 1:colcon.colcon_core.package_identification:_identify(src) by extension 'python_setup_py'
[0.186s] Level 1:colcon.colcon_core.package_identification:_identify(src/ctu_crs) by extensions ['ignore', 'ignore_ament_install']
[0.186s] Level 1:colcon.colcon_core.package_identification:_identify(src/ctu_crs) by extension 'ignore'
[0.186s] Level 1:colcon.colcon_core.package_identification:_identify(src/ctu_crs) by extension 'ignore_ament_install'
[0.186s] Level 1:colcon.colcon_core.package_identification:_identify(src/ctu_crs) by extensions ['colcon_pkg']
[0.186s] Level 1:colcon.colcon_core.package_identification:_identify(src/ctu_crs) by extension 'colcon_pkg'
[0.186s] Level 1:colcon.colcon_core.package_identification:_identify(src/ctu_crs) by extensions ['colcon_meta']
[0.186s] Level 1:colcon.colcon_core.package_identification:_identify(src/ctu_crs) by extension 'colcon_meta'
[0.186s] Level 1:colcon.colcon_core.package_identification:_identify(src/ctu_crs) by extensions ['ros']
[0.186s] Level 1:colcon.colcon_core.package_identification:_identify(src/ctu_crs) by extension 'ros'
[0.186s] Level 1:colcon.colcon_core.package_identification:_identify(src/ctu_crs) by extensions ['cmake', 'python']
[0.186s] Level 1:colcon.colcon_core.package_identification:_identify(src/ctu_crs) by extension 'cmake'
[0.186s] Level 1:colcon.colcon_core.package_identification:_identify(src/ctu_crs) by extension 'python'
[0.186s] Level 1:colcon.colcon_core.package_identification:_identify(src/ctu_crs) by extensions ['python_setup_py']
[0.186s] Level 1:colcon.colcon_core.package_identification:_identify(src/ctu_crs) by extension 'python_setup_py'
[0.186s] Level 1:colcon.colcon_core.package_identification:_identify(src/ctu_crs/__pycache__) by extensions ['ignore', 'ignore_ament_install']
[0.186s] Level 1:colcon.colcon_core.package_identification:_identify(src/ctu_crs/__pycache__) by extension 'ignore'
[0.186s] Level 1:colcon.colcon_core.package_identification:_identify(src/ctu_crs/__pycache__) by extension 'ignore_ament_install'
[0.186s] Level 1:colcon.colcon_core.package_identification:_identify(src/ctu_crs/__pycache__) by extensions ['colcon_pkg']
[0.186s] Level 1:colcon.colcon_core.package_identification:_identify(src/ctu_crs/__pycache__) by extension 'colcon_pkg'
[0.186s] Level 1:colcon.colcon_core.package_identification:_identify(src/ctu_crs/__pycache__) by extensions ['colcon_meta']
[0.186s] Level 1:colcon.colcon_core.package_identification:_identify(src/ctu_crs/__pycache__) by extension 'colcon_meta'
[0.186s] Level 1:colcon.colcon_core.package_identification:_identify(src/ctu_crs/__pycache__) by extensions ['ros']
[0.186s] Level 1:colcon.colcon_core.package_identification:_identify(src/ctu_crs/__pycache__) by extension 'ros'
[0.186s] Level 1:colcon.colcon_core.package_identification:_identify(src/ctu_crs/__pycache__) by extensions ['cmake', 'python']
[0.186s] Level 1:colcon.colcon_core.package_identification:_identify(src/ctu_crs/__pycache__) by extension 'cmake'
[0.186s] Level 1:colcon.colcon_core.package_identification:_identify(src/ctu_crs/__pycache__) by extension 'python'
[0.187s] Level 1:colcon.colcon_core.package_identification:_identify(src/ctu_crs/__pycache__) by extensions ['python_setup_py']
[0.187s] Level 1:colcon.colcon_core.package_identification:_identify(src/ctu_crs/__pycache__) by extension 'python_setup_py'
[0.187s] Level 1:colcon.colcon_core.package_identification:_identify(src/ctu_crs/scripts) by extensions ['ignore', 'ignore_ament_install']
[0.187s] Level 1:colcon.colcon_core.package_identification:_identify(src/ctu_crs/scripts) by extension 'ignore'
[0.187s] Level 1:colcon.colcon_core.package_identification:_identify(src/ctu_crs/scripts) by extension 'ignore_ament_install'
[0.187s] Level 1:colcon.colcon_core.package_identification:_identify(src/ctu_crs/scripts) by extensions ['colcon_pkg']
[0.187s] Level 1:colcon.colcon_core.package_identification:_identify(src/ctu_crs/scripts) by extension 'colcon_pkg'
[0.187s] Level 1:colcon.colcon_core.package_identification:_identify(src/ctu_crs/scripts) by extensions ['colcon_meta']
[0.187s] Level 1:colcon.colcon_core.package_identification:_identify(src/ctu_crs/scripts) by extension 'colcon_meta'
[0.187s] Level 1:colcon.colcon_core.package_identification:_identify(src/ctu_crs/scripts) by extensions ['ros']
[0.187s] Level 1:colcon.colcon_core.package_identification:_identify(src/ctu_crs/scripts) by extension 'ros'
[0.187s] Level 1:colcon.colcon_core.package_identification:_identify(src/ctu_crs/scripts) by extensions ['cmake', 'python']
[0.187s] Level 1:colcon.colcon_core.package_identification:_identify(src/ctu_crs/scripts) by extension 'cmake'
[0.187s] Level 1:colcon.colcon_core.package_identification:_identify(src/ctu_crs/scripts) by extension 'python'
[0.187s] Level 1:colcon.colcon_core.package_identification:_identify(src/ctu_crs/scripts) by extensions ['python_setup_py']
[0.187s] Level 1:colcon.colcon_core.package_identification:_identify(src/ctu_crs/scripts) by extension 'python_setup_py'
[0.187s] Level 1:colcon.colcon_core.package_identification:_identify(test_ikt6) by extensions ['ignore', 'ignore_ament_install']
[0.187s] Level 1:colcon.colcon_core.package_identification:_identify(test_ikt6) by extension 'ignore'
[0.187s] Level 1:colcon.colcon_core.package_identification:_identify(test_ikt6) by extension 'ignore_ament_install'
[0.187s] Level 1:colcon.colcon_core.package_identification:_identify(test_ikt6) by extensions ['colcon_pkg']
[0.187s] Level 1:colcon.colcon_core.package_identification:_identify(test_ikt6) by extension 'colcon_pkg'
[0.187s] Level 1:colcon.colcon_core.package_identification:_identify(test_ikt6) by extensions ['colcon_meta']
[0.187s] Level 1:colcon.colcon_core.package_identification:_identify(test_ikt6) by extension 'colcon_meta'
[0.187s] Level 1:colcon.colcon_core.package_identification:_identify(test_ikt6) by extensions ['ros']
[0.187s] Level 1:colcon.colcon_core.package_identification:_identify(test_ikt6) by extension 'ros'
[0.187s] Level 1:colcon.colcon_core.package_identification:_identify(test_ikt6) by extensions ['cmake', 'python']
[0.187s] Level 1:colcon.colcon_core.package_identification:_identify(test_ikt6) by extension 'cmake'
[0.187s] Level 1:colcon.colcon_core.package_identification:_identify(test_ikt6) by extension 'python'
[0.187s] Level 1:colcon.colcon_core.package_identification:_identify(test_ikt6) by extensions ['python_setup_py']
[0.187s] Level 1:colcon.colcon_core.package_identification:_identify(test_ikt6) by extension 'python_setup_py'
[0.187s] Level 1:colcon.colcon_core.package_identification:_identify(test_ikt6/ikt6_ros) by extensions ['ignore', 'ignore_ament_install']
[0.187s] Level 1:colcon.colcon_core.package_identification:_identify(test_ikt6/ikt6_ros) by extension 'ignore'
[0.187s] Level 1:colcon.colcon_core.package_identification:_identify(test_ikt6/ikt6_ros) by extension 'ignore_ament_install'
[0.187s] Level 1:colcon.colcon_core.package_identification:_identify(test_ikt6/ikt6_ros) by extensions ['colcon_pkg']
[0.187s] Level 1:colcon.colcon_core.package_identification:_identify(test_ikt6/ikt6_ros) by extension 'colcon_pkg'
[0.187s] Level 1:colcon.colcon_core.package_identification:_identify(test_ikt6/ikt6_ros) by extensions ['colcon_meta']
[0.187s] Level 1:colcon.colcon_core.package_identification:_identify(test_ikt6/ikt6_ros) by extension 'colcon_meta'
[0.187s] Level 1:colcon.colcon_core.package_identification:_identify(test_ikt6/ikt6_ros) by extensions ['ros']
[0.187s] Level 1:colcon.colcon_core.package_identification:_identify(test_ikt6/ikt6_ros) by extension 'ros'
[0.190s] DEBUG:colcon.colcon_core.package_identification:Package 'test_ikt6/ikt6_ros' with type 'ros.catkin' and name 'ikt6_ros'
[0.190s] Level 1:colcon.colcon_core.package_identification:_identify(tests) by extensions ['ignore', 'ignore_ament_install']
[0.190s] Level 1:colcon.colcon_core.package_identification:_identify(tests) by extension 'ignore'
[0.190s] Level 1:colcon.colcon_core.package_identification:_identify(tests) by extension 'ignore_ament_install'
[0.190s] Level 1:colcon.colcon_core.package_identification:_identify(tests) by extensions ['colcon_pkg']
[0.190s] Level 1:colcon.colcon_core.package_identification:_identify(tests) by extension 'colcon_pkg'
[0.190s] Level 1:colcon.colcon_core.package_identification:_identify(tests) by extensions ['colcon_meta']
[0.190s] Level 1:colcon.colcon_core.package_identification:_identify(tests) by extension 'colcon_meta'
[0.190s] Level 1:colcon.colcon_core.package_identification:_identify(tests) by extensions ['ros']
[0.190s] Level 1:colcon.colcon_core.package_identification:_identify(tests) by extension 'ros'
[0.190s] Level 1:colcon.colcon_core.package_identification:_identify(tests) by extensions ['cmake', 'python']
[0.190s] Level 1:colcon.colcon_core.package_identification:_identify(tests) by extension 'cmake'
[0.190s] Level 1:colcon.colcon_core.package_identification:_identify(tests) by extension 'python'
[0.190s] Level 1:colcon.colcon_core.package_identification:_identify(tests) by extensions ['python_setup_py']
[0.190s] Level 1:colcon.colcon_core.package_identification:_identify(tests) by extension 'python_setup_py'
[0.190s] Level 1:colcon.colcon_core.package_identification:_identify(tests/__pycache__) by extensions ['ignore', 'ignore_ament_install']
[0.190s] Level 1:colcon.colcon_core.package_identification:_identify(tests/__pycache__) by extension 'ignore'
[0.190s] Level 1:colcon.colcon_core.package_identification:_identify(tests/__pycache__) by extension 'ignore_ament_install'
[0.190s] Level 1:colcon.colcon_core.package_identification:_identify(tests/__pycache__) by extensions ['colcon_pkg']
[0.190s] Level 1:colcon.colcon_core.package_identification:_identify(tests/__pycache__) by extension 'colcon_pkg'
[0.190s] Level 1:colcon.colcon_core.package_identification:_identify(tests/__pycache__) by extensions ['colcon_meta']
[0.190s] Level 1:colcon.colcon_core.package_identification:_identify(tests/__pycache__) by extension 'colcon_meta'
[0.190s] Level 1:colcon.colcon_core.package_identification:_identify(tests/__pycache__) by extensions ['ros']
[0.190s] Level 1:colcon.colcon_core.package_identification:_identify(tests/__pycache__) by extension 'ros'
[0.190s] Level 1:colcon.colcon_core.package_identification:_identify(tests/__pycache__) by extensions ['cmake', 'python']
[0.190s] Level 1:colcon.colcon_core.package_identification:_identify(tests/__pycache__) by extension 'cmake'
[0.190s] Level 1:colcon.colcon_core.package_identification:_identify(tests/__pycache__) by extension 'python'
[0.190s] Level 1:colcon.colcon_core.package_identification:_identify(tests/__pycache__) by extensions ['python_setup_py']
[0.190s] Level 1:colcon.colcon_core.package_identification:_identify(tests/__pycache__) by extension 'python_setup_py'
[0.190s] Level 1:colcon.colcon_core.package_discovery:discover_packages(recursive) using defaults
[0.190s] Level 1:colcon.colcon_core.package_discovery:discover_packages(ignore) discover
[0.190s] Level 1:colcon.colcon_core.package_discovery:discover_packages(ignore) using defaults
[0.190s] Level 1:colcon.colcon_core.package_discovery:discover_packages(path) discover
[0.190s] Level 1:colcon.colcon_core.package_discovery:discover_packages(path) using defaults
[0.216s] Level 1:colcon.colcon_core.package_discovery:discover_packages(prefix_path) check parameters
[0.216s] Level 1:colcon.colcon_core.package_discovery:discover_packages(prefix_path) discover
[0.218s] DEBUG:colcon.colcon_installed_package_information.package_discovery:Found 222 installed packages in /opt/ros/humble
[0.218s] Level 1:colcon.colcon_core.package_discovery:discover_packages(prefix_path) using defaults
[0.234s] Level 5:colcon.colcon_core.verb:set package 'crs_a465_description' build argument 'cmake_args' from command line to 'None'
[0.234s] Level 5:colcon.colcon_core.verb:set package 'crs_a465_description' build argument 'cmake_target' from command line to 'None'
[0.234s] Level 5:colcon.colcon_core.verb:set package 'crs_a465_description' build argument 'cmake_target_skip_unavailable' from command line to 'False'
[0.234s] Level 5:colcon.colcon_core.verb:set package 'crs_a465_description' build argument 'cmake_clean_cache' from command line to 'False'
[0.234s] Level 5:colcon.colcon_core.verb:set package 'crs_a465_description' build argument 'cmake_clean_first' from command line to 'False'
[0.234s] Level 5:colcon.colcon_core.verb:set package 'crs_a465_description' build argument 'cmake_force_configure' from command line to 'False'
[0.234s] Level 5:colcon.colcon_core.verb:set package 'crs_a465_description' build argument 'ament_cmake_args' from command line to 'None'
[0.234s] Level 5:colcon.colcon_core.verb:set package 'crs_a465_description' build argument 'catkin_cmake_args' from command line to 'None'
[0.234s] Level 5:colcon.colcon_core.verb:set package 'crs_a465_description' build argument 'catkin_skip_building_tests' from command line to 'False'
[0.234s] DEBUG:colcon.colcon_core.verb:Building package 'crs_a465_description' with the following arguments: {'ament_cmake_args': None, 'build_base': '/home/david/School/rob/Semestralka/ROB_semestralka/build/crs_a465_description', 'catkin_cmake_args': None, 'catkin_skip_building_tests': False, 'cmake_args': None, 'cmake_clean_cache': False, 'cmake_clean_first': False, 'cmake_force_configure': False, 'cmake_target': None, 'cmake_target_skip_unavailable': False, 'install_base': '/home/david/School/rob/Semestralka/ROB_semestralka/install/crs_a465_description', 'merge_install': False, 'path': '/home/david/School/rob/Semestralka/ROB_semestralka/robot_urdf', 'symlink_install': True, 'test_result_base': None}
[0.234s] Level 5:colcon.colcon_core.verb:set package 'ikt6_ros' build argument 'cmake_args' from command line to 'None'
[0.234s] Level 5:colcon.colcon_core.verb:set package 'ikt6_ros' build argument 'cmake_target' from command line to 'None'
[0.234s] Level 5:colcon.colcon_core.verb:set package 'ikt6_ros' build argument 'cmake_target_skip_unavailable' from command line to 'False'
[0.235s] Level 5:colcon.colcon_core.verb:set package 'ikt6_ros' build argument 'cmake_clean_cache' from command line to 'False'
[0.235s] Level 5:colcon.colcon_core.verb:set package 'ikt6_ros' build argument 'cmake_clean_first' from command line to 'False'
[0.235s] Level 5:colcon.colcon_core.verb:set package 'ikt6_ros' build argument 'cmake_force_configure' from command line to 'False'
[0.235s] Level 5:colcon.colcon_core.verb:set package 'ikt6_ros' build argument 'ament_cmake_args' from command line to 'None'
[0.235s] Level 5:colcon.colcon_core.verb:set package 'ikt6_ros' build argument 'catkin_cmake_args' from command line to 'None'
[0.235s] Level 5:colcon.colcon_core.verb:set package 'ikt6_ros' build argument 'catkin_skip_building_tests' from command line to 'False'
[0.235s] DEBUG:colcon.colcon_core.verb:Building package 'ikt6_ros' with the following arguments: {'ament_cmake_args': None, 'build_base': '/home/david/School/rob/Semestralka/ROB_semestralka/build/ikt6_ros', 'catkin_cmake_args': None, 'catkin_skip_building_tests': False, 'cmake_args': None, 'cmake_clean_cache': False, 'cmake_clean_first': False, 'cmake_force_configure': False, 'cmake_target': None, 'cmake_target_skip_unavailable': False, 'install_base': '/home/david/School/rob/Semestralka/ROB_semestralka/install/ikt6_ros', 'merge_install': False, 'path': '/home/david/School/rob/Semestralka/ROB_semestralka/test_ikt6/ikt6_ros', 'symlink_install': True, 'test_result_base': None}
[0.235s] INFO:colcon.colcon_core.executor:Executing jobs using 'parallel' executor
[0.236s] DEBUG:colcon.colcon_parallel_executor.executor.parallel:run_until_complete
[0.236s] INFO:colcon.colcon_ros.task.ament_cmake.build:Building ROS package in '/home/david/School/rob/Semestralka/ROB_semestralka/robot_urdf' with build type 'ament_cmake'
[0.236s] INFO:colcon.colcon_cmake.task.cmake.build:Building CMake package in '/home/david/School/rob/Semestralka/ROB_semestralka/robot_urdf'
[0.237s] INFO:colcon.colcon_core.plugin_system:Skipping extension 'colcon_core.shell.bat': Not used on non-Windows systems
[0.238s] INFO:colcon.colcon_core.shell:Skip shell extension 'powershell' for command environment: Not usable outside of PowerShell
[0.238s] DEBUG:colcon.colcon_core.shell:Skip shell extension 'dsv' for command environment
[0.240s] INFO:colcon.colcon_ros.task.catkin.build:Building ROS package in '/home/david/School/rob/Semestralka/ROB_semestralka/test_ikt6/ikt6_ros' with build type 'catkin'
[0.240s] INFO:colcon.colcon_cmake.task.cmake.build:Building CMake package in '/home/david/School/rob/Semestralka/ROB_semestralka/test_ikt6/ikt6_ros'
[0.240s] INFO:colcon.colcon_core.shell:Skip shell extension 'powershell' for command environment: Not usable outside of PowerShell
[0.241s] DEBUG:colcon.colcon_core.shell:Skip shell extension 'dsv' for command environment
[0.246s] DEBUG:colcon.colcon_core.event_handler.log_command:Invoking command in '/home/david/School/rob/Semestralka/ROB_semestralka/build/crs_a465_description': CMAKE_PREFIX_PATH=/opt/ros/humble CONDA_PROMPT_MODIFIER=(base) /usr/bin/cmake /home/david/School/rob/Semestralka/ROB_semestralka/robot_urdf -DAMENT_CMAKE_SYMLINK_INSTALL=1 -DCMAKE_INSTALL_PREFIX=/home/david/School/rob/Semestralka/ROB_semestralka/install/crs_a465_description
[0.249s] DEBUG:colcon.colcon_core.event_handler.log_command:Invoking command in '/home/david/School/rob/Semestralka/ROB_semestralka/build/ikt6_ros': CONDA_PROMPT_MODIFIER=(base) /usr/bin/cmake /home/david/School/rob/Semestralka/ROB_semestralka/test_ikt6/ikt6_ros -DCATKIN_INSTALL_INTO_PREFIX_ROOT=0 -DCATKIN_SYMLINK_INSTALL=ON -DCMAKE_INSTALL_PREFIX=/home/david/School/rob/Semestralka/ROB_semestralka/install/ikt6_ros
[0.523s] DEBUG:colcon.colcon_core.event_handler.log_command:Invoked command in '/home/david/School/rob/Semestralka/ROB_semestralka/build/ikt6_ros' returned '1': CONDA_PROMPT_MODIFIER=(base) /usr/bin/cmake /home/david/School/rob/Semestralka/ROB_semestralka/test_ikt6/ikt6_ros -DCATKIN_INSTALL_INTO_PREFIX_ROOT=0 -DCATKIN_SYMLINK_INSTALL=ON -DCMAKE_INSTALL_PREFIX=/home/david/School/rob/Semestralka/ROB_semestralka/install/ikt6_ros
[0.534s] Level 1:colcon.colcon_core.environment:create_environment_scripts_only(ikt6_ros)
[0.536s] Level 1:colcon.colcon_core.environment:checking '/home/david/School/rob/Semestralka/ROB_semestralka/install/ikt6_ros' for CMake module files
[0.536s] Level 1:colcon.colcon_core.environment:checking '/home/david/School/rob/Semestralka/ROB_semestralka/install/ikt6_ros' for CMake config files
[0.537s] Level 1:colcon.colcon_core.environment:checking '/home/david/School/rob/Semestralka/ROB_semestralka/install/ikt6_ros/bin'
[0.537s] Level 1:colcon.colcon_core.environment:checking '/home/david/School/rob/Semestralka/ROB_semestralka/install/ikt6_ros/lib/pkgconfig/ikt6_ros.pc'
[0.537s] Level 1:colcon.colcon_core.environment:checking '/home/david/School/rob/Semestralka/ROB_semestralka/install/ikt6_ros/lib/python3.10/site-packages'
[0.537s] Level 1:colcon.colcon_core.environment:checking '/home/david/School/rob/Semestralka/ROB_semestralka/install/ikt6_ros/bin'
[0.537s] INFO:colcon.colcon_core.shell:Creating package script '/home/david/School/rob/Semestralka/ROB_semestralka/install/ikt6_ros/share/ikt6_ros/package.ps1'
[0.538s] INFO:colcon.colcon_core.shell:Creating package descriptor '/home/david/School/rob/Semestralka/ROB_semestralka/install/ikt6_ros/share/ikt6_ros/package.dsv'
[0.538s] INFO:colcon.colcon_core.shell:Creating package script '/home/david/School/rob/Semestralka/ROB_semestralka/install/ikt6_ros/share/ikt6_ros/package.sh'
[0.538s] INFO:colcon.colcon_core.shell:Creating package script '/home/david/School/rob/Semestralka/ROB_semestralka/install/ikt6_ros/share/ikt6_ros/package.bash'
[0.539s] INFO:colcon.colcon_core.shell:Creating package script '/home/david/School/rob/Semestralka/ROB_semestralka/install/ikt6_ros/share/ikt6_ros/package.zsh'
[0.539s] Level 1:colcon.colcon_core.environment:create_file_with_runtime_dependencies(/home/david/School/rob/Semestralka/ROB_semestralka/install/ikt6_ros/share/colcon-core/packages/ikt6_ros)
[0.954s] DEBUG:colcon.colcon_parallel_executor.executor.parallel:closing loop
[0.954s] DEBUG:colcon.colcon_parallel_executor.executor.parallel:loop closed
[0.955s] DEBUG:colcon.colcon_parallel_executor.executor.parallel:run_until_complete finished with '1'
[0.955s] DEBUG:colcon.colcon_core.event_reactor:joining thread
[0.959s] INFO:colcon.colcon_core.plugin_system:Skipping extension 'colcon_notification.desktop_notification.terminal_notifier': Not used on non-Darwin systems
[0.959s] INFO:colcon.colcon_core.plugin_system:Skipping extension 'colcon_notification.desktop_notification.win32': Not used on non-Windows systems
[0.959s] INFO:colcon.colcon_notification.desktop_notification:Sending desktop notification using 'notify2'
[0.966s] DEBUG:colcon.colcon_core.event_reactor:joined thread
[0.966s] INFO:colcon.colcon_core.shell:Creating prefix script '/home/david/School/rob/Semestralka/ROB_semestralka/install/local_setup.ps1'
[0.967s] INFO:colcon.colcon_core.shell:Creating prefix util module '/home/david/School/rob/Semestralka/ROB_semestralka/install/_local_setup_util_ps1.py'
[0.968s] INFO:colcon.colcon_core.shell:Creating prefix chain script '/home/david/School/rob/Semestralka/ROB_semestralka/install/setup.ps1'
[0.969s] INFO:colcon.colcon_core.shell:Creating prefix script '/home/david/School/rob/Semestralka/ROB_semestralka/install/local_setup.sh'
[0.969s] INFO:colcon.colcon_core.shell:Creating prefix util module '/home/david/School/rob/Semestralka/ROB_semestralka/install/_local_setup_util_sh.py'
[0.970s] INFO:colcon.colcon_core.shell:Creating prefix chain script '/home/david/School/rob/Semestralka/ROB_semestralka/install/setup.sh'
[0.971s] INFO:colcon.colcon_core.shell:Creating prefix script '/home/david/School/rob/Semestralka/ROB_semestralka/install/local_setup.bash'
[0.971s] INFO:colcon.colcon_core.shell:Creating prefix chain script '/home/david/School/rob/Semestralka/ROB_semestralka/install/setup.bash'
[0.971s] INFO:colcon.colcon_core.shell:Creating prefix script '/home/david/School/rob/Semestralka/ROB_semestralka/install/local_setup.zsh'
[0.972s] INFO:colcon.colcon_core.shell:Creating prefix chain script '/home/david/School/rob/Semestralka/ROB_semestralka/install/setup.zsh'
